[     829ms] [INFO] %cDownload the React DevTools for a better development experience: https://react.dev/link/react-devtools font-weight:bold @ http://localhost:3100/_next/static/chunks/09v2_next_dist_15xnk52._.js:2477
[     933ms] [LOG] [HMR] connected @ http://localhost:3100/_next/static/chunks/09v2_next_dist_15xnk52._.js:2477
[    1080ms] [LOG] [Fast Refresh] rebuilding @ http://localhost:3100/_next/static/chunks/09v2_next_dist_15xnk52._.js:2477
[    1134ms] [LOG] [Fast Refresh] done in 155ms @ http://localhost:3100/_next/static/chunks/09v2_next_dist_15xnk52._.js:2477
[    1244ms] [LOG] [Fast Refresh] rebuilding @ http://localhost:3100/_next/static/chunks/09v2_next_dist_15xnk52._.js:2477
[    1306ms] [LOG] [Fast Refresh] done in 163ms @ http://localhost:3100/_next/static/chunks/09v2_next_dist_15xnk52._.js:2477
[   18746ms] [ERROR] WebSocket connection to 'ws://localhost:3100/_next/webpack-hmr?id=EXdPQ-5dKi-hGRUhiFN5x' failed: Error in connection establishment: net::ERR_CONNECTION_REFUSED @ http://localhost:3100/_next/static/chunks/09v2_next_dist_client_1kxl9c4._.js:13422
[   19749ms] [ERROR] WebSocket connection to 'ws://localhost:3100/_next/webpack-hmr?id=EXdPQ-5dKi-hGRUhiFN5x' failed: Error in connection establishment: net::ERR_CONNECTION_REFUSED @ http://localhost:3100/_next/static/chunks/09v2_next_dist_client_1kxl9c4._.js:13422
[   20751ms] [ERROR] WebSocket connection to 'ws://localhost:3100/_next/webpack-hmr?id=EXdPQ-5dKi-hGRUhiFN5x' failed: Error in connection establishment: net::ERR_CONNECTION_REFUSED @ http://localhost:3100/_next/static/chunks/09v2_next_dist_client_1kxl9c4._.js:13422
[   21753ms] [ERROR] WebSocket connection to 'ws://localhost:3100/_next/webpack-hmr?id=EXdPQ-5dKi-hGRUhiFN5x' failed: Error in connection establishment: net::ERR_CONNECTION_REFUSED @ http://localhost:3100/_next/static/chunks/09v2_next_dist_client_1kxl9c4._.js:13422
[   22756ms] [ERROR] WebSocket connection to 'ws://localhost:3100/_next/webpack-hmr?id=EXdPQ-5dKi-hGRUhiFN5x' failed: Error in connection establishment: net::ERR_CONNECTION_REFUSED @ http://localhost:3100/_next/static/chunks/09v2_next_dist_client_1kxl9c4._.js:13422
[   27758ms] [ERROR] WebSocket connection to 'ws://localhost:3100/_next/webpack-hmr?id=EXdPQ-5dKi-hGRUhiFN5x' failed: Error in connection establishment: net::ERR_CONNECTION_REFUSED @ http://localhost:3100/_next/static/chunks/09v2_next_dist_client_1kxl9c4._.js:13422
[   32761ms] [ERROR] WebSocket connection to 'ws://localhost:3100/_next/webpack-hmr?id=EXdPQ-5dKi-hGRUhiFN5x' failed: Error in connection establishment: net::ERR_CONNECTION_REFUSED @ http://localhost:3100/_next/static/chunks/09v2_next_dist_client_1kxl9c4._.js:13422
[   37768ms] [ERROR] WebSocket connection to 'ws://localhost:3100/_next/webpack-hmr?id=EXdPQ-5dKi-hGRUhiFN5x' failed: Error in connection establishment: net::ERR_CONNECTION_REFUSED @ http://localhost:3100/_next/static/chunks/09v2_next_dist_client_1kxl9c4._.js:13422
[   42774ms] [ERROR] WebSocket connection to 'ws://localhost:3100/_next/webpack-hmr?id=EXdPQ-5dKi-hGRUhiFN5x' failed: Error in connection establishment: net::ERR_CONNECTION_REFUSED @ http://localhost:3100/_next/static/chunks/09v2_next_dist_client_1kxl9c4._.js:13422
[   47780ms] [ERROR] WebSocket connection to 'ws://localhost:3100/_next/webpack-hmr?id=EXdPQ-5dKi-hGRUhiFN5x' failed: Error in connection establishment: net::ERR_CONNECTION_REFUSED @ http://localhost:3100/_next/static/chunks/09v2_next_dist_client_1kxl9c4._.js:13422
[   52787ms] [ERROR] WebSocket connection to 'ws://localhost:3100/_next/webpack-hmr?id=EXdPQ-5dKi-hGRUhiFN5x' failed: Error in connection establishment: net::ERR_CONNECTION_REFUSED @ http://localhost:3100/_next/static/chunks/09v2_next_dist_client_1kxl9c4._.js:13422
[   57793ms] [ERROR] WebSocket connection to 'ws://localhost:3100/_next/webpack-hmr?id=EXdPQ-5dKi-hGRUhiFN5x' failed: Error in connection establishment: net::ERR_CONNECTION_REFUSED @ http://localhost:3100/_next/static/chunks/09v2_next_dist_client_1kxl9c4._.js:13422
[  139447ms] [INFO] %cDownload the React DevTools for a better development experience: https://react.dev/link/react-devtools font-weight:bold @ http://localhost:3100/_next/static/chunks/09v2_next_dist_15xnk52._.js:2477
[  139517ms] [ERROR] WebSocket connection to 'ws://localhost:3100/_next/webpack-hmr?id=EXdPQ-5dKi-hGRUhiFN5x' failed: Error in connection establishment: net::ERR_CONNECTION_REFUSED @ http://localhost:3100/_next/static/chunks/09v2_next_dist_client_1kxl9c4._.js:13422
[  139542ms] [ERROR] Failed to load resource: net::ERR_CONNECTION_REFUSED @ http://localhost:3100/favicon.ico?favicon.2vob68tjqpejf.ico:0
[  140529ms] [ERROR] WebSocket connection to 'ws://localhost:3100/_next/webpack-hmr?id=EXdPQ-5dKi-hGRUhiFN5x' failed: Error in connection establishment: net::ERR_CONNECTION_REFUSED @ http://localhost:3100/_next/static/chunks/09v2_next_dist_client_1kxl9c4._.js:13422
[  141531ms] [ERROR] WebSocket connection to 'ws://localhost:3100/_next/webpack-hmr?id=EXdPQ-5dKi-hGRUhiFN5x' failed: Error in connection establishment: net::ERR_CONNECTION_REFUSED @ http://localhost:3100/_next/static/chunks/09v2_next_dist_client_1kxl9c4._.js:13422
[  142538ms] [ERROR] WebSocket connection to 'ws://localhost:3100/_next/webpack-hmr?id=EXdPQ-5dKi-hGRUhiFN5x' failed: Error in connection establishment: net::ERR_CONNECTION_REFUSED @ http://localhost:3100/_next/static/chunks/09v2_next_dist_client_1kxl9c4._.js:13422
[  143542ms] [ERROR] WebSocket connection to 'ws://localhost:3100/_next/webpack-hmr?id=EXdPQ-5dKi-hGRUhiFN5x' failed: Error in connection establishment: net::ERR_CONNECTION_REFUSED @ http://localhost:3100/_next/static/chunks/09v2_next_dist_client_1kxl9c4._.js:13422
