[     462ms] [INFO] %cDownload the React DevTools for a better development experience: https://react.dev/link/react-devtools font-weight:bold @ http://localhost:3000/_next/static/chunks/09v2_next_dist_15xnk52._.js:2477
[     534ms] [LOG] [HMR] connected @ http://localhost:3000/_next/static/chunks/09v2_next_dist_15xnk52._.js:2477
[     653ms] [LOG] [Fast Refresh] rebuilding @ http://localhost:3000/_next/static/chunks/09v2_next_dist_15xnk52._.js:2477
[     679ms] [LOG] [Fast Refresh] done in 128ms @ http://localhost:3000/_next/static/chunks/09v2_next_dist_15xnk52._.js:2477
[  308049ms] [LOG] [Fast Refresh] rebuilding @ http://localhost:3000/_next/static/chunks/09v2_next_dist_15xnk52._.js:2477
[  308214ms] [LOG] [Fast Refresh] done in 269ms @ http://localhost:3000/_next/static/chunks/09v2_next_dist_15xnk52._.js:2477
[  450484ms] [LOG] [Fast Refresh] rebuilding @ http://localhost:3000/_next/static/chunks/09v2_next_dist_15xnk52._.js:2477
[  450548ms] [LOG] [Fast Refresh] done in 96ms @ http://localhost:3000/_next/static/chunks/09v2_next_dist_15xnk52._.js:2477
[  522332ms] [LOG] [Fast Refresh] rebuilding @ http://localhost:3000/_next/static/chunks/09v2_next_dist_15xnk52._.js:2477
[  522412ms] [LOG] [Fast Refresh] done in 183ms @ http://localhost:3000/_next/static/chunks/09v2_next_dist_15xnk52._.js:2477
[  573503ms] [LOG] [Fast Refresh] rebuilding @ http://localhost:3000/_next/static/chunks/09v2_next_dist_15xnk52._.js:2477
[  573504ms] [LOG] [Fast Refresh] done in 104ms @ http://localhost:3000/_next/static/chunks/09v2_next_dist_15xnk52._.js:2477
[  843061ms] [LOG] [Fast Refresh] rebuilding @ http://localhost:3000/_next/static/chunks/09v2_next_dist_15xnk52._.js:2477
[  843069ms] [LOG] [Fast Refresh] done in 109ms @ http://localhost:3000/_next/static/chunks/09v2_next_dist_15xnk52._.js:2477
[  843778ms] [LOG] [Fast Refresh] rebuilding @ http://localhost:3000/_next/static/chunks/09v2_next_dist_15xnk52._.js:2477
[  843803ms] [LOG] [Fast Refresh] done in 126ms @ http://localhost:3000/_next/static/chunks/09v2_next_dist_15xnk52._.js:2477
[ 1235141ms] [LOG] [Fast Refresh] rebuilding @ http://localhost:3000/_next/static/chunks/09v2_next_dist_15xnk52._.js:2477
[ 1235232ms] [LOG] [Fast Refresh] done in 196ms @ http://localhost:3000/_next/static/chunks/09v2_next_dist_15xnk52._.js:2477
[ 1235507ms] [LOG] [Fast Refresh] rebuilding @ http://localhost:3000/_next/static/chunks/09v2_next_dist_15xnk52._.js:2477
[ 1237484ms] [LOG] [Fast Refresh] done in 2079ms @ http://localhost:3000/_next/static/chunks/09v2_next_dist_15xnk52._.js:2477
[ 1241297ms] [LOG] [Fast Refresh] rebuilding @ http://localhost:3000/_next/static/chunks/09v2_next_dist_15xnk52._.js:2477
[ 1241387ms] [LOG] [Fast Refresh] done in 196ms @ http://localhost:3000/_next/static/chunks/09v2_next_dist_15xnk52._.js:2477
[ 1241556ms] [LOG] [Fast Refresh] rebuilding @ http://localhost:3000/_next/static/chunks/09v2_next_dist_15xnk52._.js:2477
[ 1241659ms] [LOG] [Fast Refresh] done in 209ms @ http://localhost:3000/_next/static/chunks/09v2_next_dist_15xnk52._.js:2477
[ 1261366ms] [LOG] [Fast Refresh] rebuilding @ http://localhost:3000/_next/static/chunks/09v2_next_dist_15xnk52._.js:2477
[ 1262378ms] [LOG] [Fast Refresh] done in 1114ms @ http://localhost:3000/_next/static/chunks/09v2_next_dist_15xnk52._.js:2477
[ 1265095ms] [LOG] [Fast Refresh] rebuilding @ http://localhost:3000/_next/static/chunks/09v2_next_dist_15xnk52._.js:2477
[ 1265265ms] [LOG] [Fast Refresh] done in 271ms @ http://localhost:3000/_next/static/chunks/09v2_next_dist_15xnk52._.js:2477
[ 1267449ms] [LOG] [Fast Refresh] rebuilding @ http://localhost:3000/_next/static/chunks/09v2_next_dist_15xnk52._.js:2477
[ 1267521ms] [LOG] [Fast Refresh] done in 173ms @ http://localhost:3000/_next/static/chunks/09v2_next_dist_15xnk52._.js:2477
[ 1267687ms] [LOG] [Fast Refresh] rebuilding @ http://localhost:3000/_next/static/chunks/09v2_next_dist_15xnk52._.js:2477
[ 1267801ms] [LOG] [Fast Refresh] done in 215ms @ http://localhost:3000/_next/static/chunks/09v2_next_dist_15xnk52._.js:2477
[ 1286047ms] [LOG] [Fast Refresh] rebuilding @ http://localhost:3000/_next/static/chunks/09v2_next_dist_15xnk52._.js:2477
[ 1286066ms] [LOG] [Fast Refresh] done in 120ms @ http://localhost:3000/_next/static/chunks/09v2_next_dist_15xnk52._.js:2477
[ 1295948ms] [LOG] [Fast Refresh] rebuilding @ http://localhost:3000/_next/static/chunks/09v2_next_dist_15xnk52._.js:2477
[ 1295988ms] [LOG] [Fast Refresh] done in 141ms @ http://localhost:3000/_next/static/chunks/09v2_next_dist_15xnk52._.js:2477
[ 1299167ms] [LOG] [Fast Refresh] rebuilding @ http://localhost:3000/_next/static/chunks/09v2_next_dist_15xnk52._.js:2477
[ 1299198ms] [LOG] [Fast Refresh] done in 133ms @ http://localhost:3000/_next/static/chunks/09v2_next_dist_15xnk52._.js:2477
[ 1300014ms] [LOG] [Fast Refresh] rebuilding @ http://localhost:3000/_next/static/chunks/09v2_next_dist_15xnk52._.js:2477
[ 1300152ms] [LOG] [Fast Refresh] done in 239ms @ http://localhost:3000/_next/static/chunks/09v2_next_dist_15xnk52._.js:2477
[ 1311734ms] [LOG] [Fast Refresh] rebuilding @ http://localhost:3000/_next/static/chunks/09v2_next_dist_15xnk52._.js:2477
[ 1311740ms] [LOG] [Fast Refresh] done in 107ms @ http://localhost:3000/_next/static/chunks/09v2_next_dist_15xnk52._.js:2477
