[     837ms] [INFO] %cDownload the React DevTools for a better development experience: https://react.dev/link/react-devtools font-weight:bold @ http://localhost:3100/_next/static/chunks/09v2_next_dist_15xnk52._.js:2477
[     931ms] [LOG] [HMR] connected @ http://localhost:3100/_next/static/chunks/09v2_next_dist_15xnk52._.js:2477
[    1339ms] [LOG] [Fast Refresh] rebuilding @ http://localhost:3100/_next/static/chunks/09v2_next_dist_15xnk52._.js:2477
[    1356ms] [LOG] [Fast Refresh] done in 118ms @ http://localhost:3100/_next/static/chunks/09v2_next_dist_15xnk52._.js:2477
[   35653ms] [LOG] [Fast Refresh] rebuilding @ http://localhost:3100/_next/static/chunks/09v2_next_dist_15xnk52._.js:2477
[   36431ms] [ERROR] Failed to load resource: the server responded with a status of 404 (Not Found) @ http://localhost:3100/jobs?_rsc=2Md0sTUZcnjCijMr:0
[   36443ms] [LOG] [Fast Refresh] done in 891ms @ http://localhost:3100/_next/static/chunks/09v2_next_dist_15xnk52._.js:2477
[   36570ms] [LOG] [Fast Refresh] rebuilding @ http://localhost:3100/_next/static/chunks/09v2_next_dist_15xnk52._.js:2477
[   36593ms] [LOG] [Fast Refresh] done in 125ms @ http://localhost:3100/_next/static/chunks/09v2_next_dist_15xnk52._.js:2477
[   36655ms] [ERROR] Failed to load resource: the server responded with a status of 404 (Not Found) @ http://localhost:3100/jobs:0
[   36705ms] [INFO] %cDownload the React DevTools for a better development experience: https://react.dev/link/react-devtools font-weight:bold @ http://localhost:3100/_next/static/chunks/09v2_next_dist_15xnk52._.js:2477
[   36716ms] [LOG] [HMR] connected @ http://localhost:3100/_next/static/chunks/09v2_next_dist_15xnk52._.js:2477
[   38244ms] [ERROR] WebSocket connection to 'ws://localhost:3100/_next/webpack-hmr?id=_HMXNzYPD02q2D1mPHdRQ' failed: Error in connection establishment: net::ERR_CONNECTION_REFUSED @ http://localhost:3100/_next/static/chunks/09v2_next_dist_client_1kxl9c4._.js:13422
[   39063ms] [INFO] %cDownload the React DevTools for a better development experience: https://react.dev/link/react-devtools font-weight:bold @ http://localhost:3100/_next/static/chunks/09v2_next_dist_15xnk52._.js:2477
[   39102ms] [ERROR] WebSocket connection to 'ws://localhost:3100/_next/webpack-hmr?id=rJme4K14vvj-24QpcEn_S' failed: Error in connection establishment: net::ERR_CONNECTION_REFUSED @ http://localhost:3100/_next/static/chunks/09v2_next_dist_client_1kxl9c4._.js:13422
[   39133ms] [ERROR] Failed to load resource: net::ERR_CONNECTION_REFUSED @ http://localhost:3100/favicon.ico?favicon.2vob68tjqpejf.ico:0
[   40127ms] [ERROR] WebSocket connection to 'ws://localhost:3100/_next/webpack-hmr?id=rJme4K14vvj-24QpcEn_S' failed: Error in connection establishment: net::ERR_CONNECTION_REFUSED @ http://localhost:3100/_next/static/chunks/09v2_next_dist_client_1kxl9c4._.js:13422
[   40248ms] [ERROR] Failed to load resource: net::ERR_CONNECTION_REFUSED @ http://localhost:3100/?_rsc=2Md0sTUZcnjCijMr:0
[   40250ms] [ERROR] Failed to fetch RSC payload for http://localhost:3100/. Falling back to browser navigation. TypeError: Failed to fetch
    at createFetch (http://localhost:3100/_next/static/chunks/09v2_next_dist_client_1kxl9c4._.js:8207:21)
    at async fetchServerResponse (http://localhost:3100/_next/static/chunks/09v2_next_dist_client_1kxl9c4._.js:8051:21)
    at async navigateToUnknownRoute (http://localhost:3100/_next/static/chunks/09v2_next_dist_client_1kxl9c4._.js:10221:20) @ http://localhost:3100/_next/static/chunks/09v2_next_dist_15xnk52._.js:3318
[   43731ms] [INFO] %cDownload the React DevTools for a better development experience: https://react.dev/link/react-devtools font-weight:bold @ http://localhost:3100/_next/static/chunks/09v2_next_dist_15xnk52._.js:2477
[   43808ms] [ERROR] WebSocket connection to 'ws://localhost:3100/_next/webpack-hmr?id=rJme4K14vvj-24QpcEn_S' failed: Error in connection establishment: net::ERR_CONNECTION_REFUSED @ http://localhost:3100/_next/static/chunks/09v2_next_dist_client_1kxl9c4._.js:13422
[   43836ms] [ERROR] Failed to load resource: net::ERR_CONNECTION_REFUSED @ http://localhost:3100/favicon.ico?favicon.2vob68tjqpejf.ico:0
[   44822ms] [ERROR] WebSocket connection to 'ws://localhost:3100/_next/webpack-hmr?id=rJme4K14vvj-24QpcEn_S' failed: Error in connection establishment: net::ERR_CONNECTION_REFUSED @ http://localhost:3100/_next/static/chunks/09v2_next_dist_client_1kxl9c4._.js:13422
[   45825ms] [ERROR] WebSocket connection to 'ws://localhost:3100/_next/webpack-hmr?id=rJme4K14vvj-24QpcEn_S' failed: Error in connection establishment: net::ERR_CONNECTION_REFUSED @ http://localhost:3100/_next/static/chunks/09v2_next_dist_client_1kxl9c4._.js:13422
[   46827ms] [ERROR] WebSocket connection to 'ws://localhost:3100/_next/webpack-hmr?id=rJme4K14vvj-24QpcEn_S' failed: Error in connection establishment: net::ERR_CONNECTION_REFUSED @ http://localhost:3100/_next/static/chunks/09v2_next_dist_client_1kxl9c4._.js:13422
[   47821ms] [ERROR] Failed to load resource: net::ERR_CONNECTION_REFUSED @ http://localhost:3100/marketplace?_rsc=2Md0sTUZcnjCijMr:0
[   47822ms] [ERROR] Failed to fetch RSC payload for http://localhost:3100/marketplace. Falling back to browser navigation. TypeError: Failed to fetch
    at createFetch (http://localhost:3100/_next/static/chunks/09v2_next_dist_client_1kxl9c4._.js:8207:21)
    at async fetchServerResponse (http://localhost:3100/_next/static/chunks/09v2_next_dist_client_1kxl9c4._.js:8051:21)
    at async navigateToUnknownRoute (http://localhost:3100/_next/static/chunks/09v2_next_dist_client_1kxl9c4._.js:10221:20) @ http://localhost:3100/_next/static/chunks/09v2_next_dist_15xnk52._.js:3318
[   51521ms] [INFO] %cDownload the React DevTools for a better development experience: https://react.dev/link/react-devtools font-weight:bold @ http://localhost:3100/_next/static/chunks/09v2_next_dist_15xnk52._.js:2477
[   51595ms] [ERROR] WebSocket connection to 'ws://localhost:3100/_next/webpack-hmr?id=rJme4K14vvj-24QpcEn_S' failed: Error in connection establishment: net::ERR_CONNECTION_REFUSED @ http://localhost:3100/_next/static/chunks/09v2_next_dist_client_1kxl9c4._.js:13422
[   51624ms] [ERROR] Failed to load resource: net::ERR_CONNECTION_REFUSED @ http://localhost:3100/favicon.ico?favicon.2vob68tjqpejf.ico:0
[   52607ms] [ERROR] WebSocket connection to 'ws://localhost:3100/_next/webpack-hmr?id=rJme4K14vvj-24QpcEn_S' failed: Error in connection establishment: net::ERR_CONNECTION_REFUSED @ http://localhost:3100/_next/static/chunks/09v2_next_dist_client_1kxl9c4._.js:13422
[   53609ms] [ERROR] WebSocket connection to 'ws://localhost:3100/_next/webpack-hmr?id=rJme4K14vvj-24QpcEn_S' failed: Error in connection establishment: net::ERR_CONNECTION_REFUSED @ http://localhost:3100/_next/static/chunks/09v2_next_dist_client_1kxl9c4._.js:13422
[   54611ms] [ERROR] WebSocket connection to 'ws://localhost:3100/_next/webpack-hmr?id=rJme4K14vvj-24QpcEn_S' failed: Error in connection establishment: net::ERR_CONNECTION_REFUSED @ http://localhost:3100/_next/static/chunks/09v2_next_dist_client_1kxl9c4._.js:13422
[   55617ms] [ERROR] WebSocket connection to 'ws://localhost:3100/_next/webpack-hmr?id=rJme4K14vvj-24QpcEn_S' failed: Error in connection establishment: net::ERR_CONNECTION_REFUSED @ http://localhost:3100/_next/static/chunks/09v2_next_dist_client_1kxl9c4._.js:13422
[   56624ms] [ERROR] WebSocket connection to 'ws://localhost:3100/_next/webpack-hmr?id=rJme4K14vvj-24QpcEn_S' failed: Error in connection establishment: net::ERR_CONNECTION_REFUSED @ http://localhost:3100/_next/static/chunks/09v2_next_dist_client_1kxl9c4._.js:13422
[   60286ms] [ERROR] Failed to load resource: net::ERR_CONNECTION_REFUSED @ http://localhost:3100/marketplace?_rsc=2Md0sTUZcnjCijMr:0
[   60287ms] [ERROR] Failed to fetch RSC payload for http://localhost:3100/marketplace. Falling back to browser navigation. TypeError: Failed to fetch
    at createFetch (http://localhost:3100/_next/static/chunks/09v2_next_dist_client_1kxl9c4._.js:8207:21)
    at async fetchServerResponse (http://localhost:3100/_next/static/chunks/09v2_next_dist_client_1kxl9c4._.js:8051:21)
    at async navigateToUnknownRoute (http://localhost:3100/_next/static/chunks/09v2_next_dist_client_1kxl9c4._.js:10221:20) @ http://localhost:3100/_next/static/chunks/09v2_next_dist_15xnk52._.js:3318
[   62076ms] [INFO] %cDownload the React DevTools for a better development experience: https://react.dev/link/react-devtools font-weight:bold @ http://localhost:3100/_next/static/chunks/09v2_next_dist_15xnk52._.js:2477
[   62148ms] [ERROR] WebSocket connection to 'ws://localhost:3100/_next/webpack-hmr?id=rJme4K14vvj-24QpcEn_S' failed: Error in connection establishment: net::ERR_CONNECTION_REFUSED @ http://localhost:3100/_next/static/chunks/09v2_next_dist_client_1kxl9c4._.js:13422
[   62178ms] [ERROR] Failed to load resource: net::ERR_CONNECTION_REFUSED @ http://localhost:3100/favicon.ico?favicon.2vob68tjqpejf.ico:0
[   63160ms] [ERROR] WebSocket connection to 'ws://localhost:3100/_next/webpack-hmr?id=rJme4K14vvj-24QpcEn_S' failed: Error in connection establishment: net::ERR_CONNECTION_REFUSED @ http://localhost:3100/_next/static/chunks/09v2_next_dist_client_1kxl9c4._.js:13422
[   64167ms] [ERROR] WebSocket connection to 'ws://localhost:3100/_next/webpack-hmr?id=rJme4K14vvj-24QpcEn_S' failed: Error in connection establishment: net::ERR_CONNECTION_REFUSED @ http://localhost:3100/_next/static/chunks/09v2_next_dist_client_1kxl9c4._.js:13422
[   65171ms] [ERROR] WebSocket connection to 'ws://localhost:3100/_next/webpack-hmr?id=rJme4K14vvj-24QpcEn_S' failed: Error in connection establishment: net::ERR_CONNECTION_REFUSED @ http://localhost:3100/_next/static/chunks/09v2_next_dist_client_1kxl9c4._.js:13422
[   66175ms] [ERROR] WebSocket connection to 'ws://localhost:3100/_next/webpack-hmr?id=rJme4K14vvj-24QpcEn_S' failed: Error in connection establishment: net::ERR_CONNECTION_REFUSED @ http://localhost:3100/_next/static/chunks/09v2_next_dist_client_1kxl9c4._.js:13422
[   67181ms] [ERROR] WebSocket connection to 'ws://localhost:3100/_next/webpack-hmr?id=rJme4K14vvj-24QpcEn_S' failed: Error in connection establishment: net::ERR_CONNECTION_REFUSED @ http://localhost:3100/_next/static/chunks/09v2_next_dist_client_1kxl9c4._.js:13422
[   72193ms] [ERROR] WebSocket connection to 'ws://localhost:3100/_next/webpack-hmr?id=rJme4K14vvj-24QpcEn_S' failed: Error in connection establishment: net::ERR_CONNECTION_REFUSED @ http://localhost:3100/_next/static/chunks/09v2_next_dist_client_1kxl9c4._.js:13422
[   77208ms] [ERROR] WebSocket connection to 'ws://localhost:3100/_next/webpack-hmr?id=rJme4K14vvj-24QpcEn_S' failed: Error in connection establishment: net::ERR_CONNECTION_REFUSED @ http://localhost:3100/_next/static/chunks/09v2_next_dist_client_1kxl9c4._.js:13422
[   82222ms] [ERROR] WebSocket connection to 'ws://localhost:3100/_next/webpack-hmr?id=rJme4K14vvj-24QpcEn_S' failed: Error in connection establishment: net::ERR_CONNECTION_REFUSED @ http://localhost:3100/_next/static/chunks/09v2_next_dist_client_1kxl9c4._.js:13422
[   87272ms] [ERROR] WebSocket connection to 'ws://localhost:3100/_next/webpack-hmr?id=rJme4K14vvj-24QpcEn_S' failed: Error in connection establishment: net::ERR_CONNECTION_REFUSED @ http://localhost:3100/_next/static/chunks/09v2_next_dist_client_1kxl9c4._.js:13422
[   92395ms] [ERROR] WebSocket connection to 'ws://localhost:3100/_next/webpack-hmr?id=rJme4K14vvj-24QpcEn_S' failed: Error in connection establishment: net::ERR_CONNECTION_REFUSED @ http://localhost:3100/_next/static/chunks/09v2_next_dist_client_1kxl9c4._.js:13422
[   97695ms] [ERROR] WebSocket connection to 'ws://localhost:3100/_next/webpack-hmr?id=rJme4K14vvj-24QpcEn_S' failed: Error in connection establishment: net::ERR_CONNECTION_REFUSED @ http://localhost:3100/_next/static/chunks/09v2_next_dist_client_1kxl9c4._.js:13422
[  102987ms] [ERROR] WebSocket connection to 'ws://localhost:3100/_next/webpack-hmr?id=rJme4K14vvj-24QpcEn_S' failed: Error in connection establishment: net::ERR_CONNECTION_REFUSED @ http://localhost:3100/_next/static/chunks/09v2_next_dist_client_1kxl9c4._.js:13422
[  288892ms] [INFO] %cDownload the React DevTools for a better development experience: https://react.dev/link/react-devtools font-weight:bold @ http://localhost:3100/_next/static/chunks/09v2_next_dist_15xnk52._.js:2477
[  288988ms] [ERROR] WebSocket connection to 'ws://localhost:3100/_next/webpack-hmr?id=rJme4K14vvj-24QpcEn_S' failed: Error in connection establishment: net::ERR_CONNECTION_REFUSED @ http://localhost:3100/_next/static/chunks/09v2_next_dist_client_1kxl9c4._.js:13422
[  289019ms] [ERROR] Failed to load resource: net::ERR_CONNECTION_REFUSED @ http://localhost:3100/favicon.ico?favicon.2vob68tjqpejf.ico:0
[  290002ms] [ERROR] WebSocket connection to 'ws://localhost:3100/_next/webpack-hmr?id=rJme4K14vvj-24QpcEn_S' failed: Error in connection establishment: net::ERR_CONNECTION_REFUSED @ http://localhost:3100/_next/static/chunks/09v2_next_dist_client_1kxl9c4._.js:13422
